<?xml version="1.0" encoding="UTF-8"?>
<testsuites name="Mocha Tests" time="55.042" tests="4" failures="0">
  <testsuite name="Root Suite" timestamp="2023-02-11T22:04:53" tests="0" time="0.000" failures="0">
  </testsuite>
  <testsuite name="#suite de testes" timestamp="2023-02-11T22:04:53" tests="4" file="C:\Users\thfer\dev\github-actions-pooc\test\index.js" time="55.042" failures="0">
    <testcase name="#suite de testes #teste 1" time="10.024" classname="#teste 1">
    </testcase>
    <testcase name="#suite de testes #teste 2" time="15.001" classname="#teste 2">
    </testcase>
    <testcase name="#suite de testes #teste 3" time="20.013" classname="#teste 3">
    </testcase>
    <testcase name="#suite de testes #teste 4" time="10.003" classname="#teste 4">
    </testcase>
  </testsuite>
</testsuites>